// Jest Snapshot v1, https://goo.gl/fbAQLP

exports[`should render ExpenseListItem correctly 1`] = `
<div>
  <Link
    to="/edit/0"
  >
    <p>
      Gum
    </p>
  </Link>
  <p>
    195
     - 
    0
  </p>
</div>
`;
