// Jest Snapshot v1, https://goo.gl/fbAQLP

exports[`should generate ExpenseList 1`] = `
<div>
  <ExpenseListItem
    amount={195}
    createdAt={0}
    description="Gum"
    id={0}
    key="0"
    note=""
  />
  <ExpenseListItem
    amount={109500}
    createdAt={-345600000}
    description="Rent"
    id={2}
    key="2"
    note=""
  />
  <ExpenseListItem
    amount={4500}
    createdAt={345600000}
    description="Credit Card"
    id={1}
    key="1"
    note=""
  />
</div>
`;

exports[`should generate ExpenseList without Expenses 1`] = `
<div>
  <p>
    No expenses yet
  </p>
</div>
`;
